Archive member included to satisfy reference by file (symbol)

c:/ac6/systemworkbench/plugins/fr.ac6.mcu.externaltools.arm-none.win32_1.13.3.201707031232/tools/compiler/bin/../lib/gcc/arm-none-eabi/5.4.1/armv7e-m/fpu\libgcc.a(_arm_addsubdf3.o)
                              Applications/User/main.o (__aeabi_dsub)
c:/ac6/systemworkbench/plugins/fr.ac6.mcu.externaltools.arm-none.win32_1.13.3.201707031232/tools/compiler/bin/../lib/gcc/arm-none-eabi/5.4.1/armv7e-m/fpu\libgcc.a(_arm_muldivdf3.o)
                              Applications/User/main.o (__aeabi_dmul)
c:/ac6/systemworkbench/plugins/fr.ac6.mcu.externaltools.arm-none.win32_1.13.3.201707031232/tools/compiler/bin/../lib/gcc/arm-none-eabi/5.4.1/armv7e-m/fpu\libgcc.a(_arm_fixunsdfsi.o)
                              Applications/User/main.o (__aeabi_d2uiz)
c:/ac6/systemworkbench/plugins/fr.ac6.mcu.externaltools.arm-none.win32_1.13.3.201707031232/tools/compiler/bin/../lib/gcc/arm-none-eabi/5.4.1/armv7e-m/fpu\libgcc.a(_arm_truncdfsf2.o)
                              Applications/User/main.o (__aeabi_d2f)
c:/ac6/systemworkbench/plugins/fr.ac6.mcu.externaltools.arm-none.win32_1.13.3.201707031232/tools/compiler/bin/../lib/gcc/arm-none-eabi/5.4.1/armv7e-m/fpu\libgcc.a(_aeabi_uldivmod.o)
                              Drivers/STM32L4xx_HAL_Driver/stm32l4xx_hal_uart.o (__aeabi_uldivmod)
c:/ac6/systemworkbench/plugins/fr.ac6.mcu.externaltools.arm-none.win32_1.13.3.201707031232/tools/compiler/bin/../lib/gcc/arm-none-eabi/5.4.1/armv7e-m/fpu\libgcc.a(_udivmoddi4.o)
                              c:/ac6/systemworkbench/plugins/fr.ac6.mcu.externaltools.arm-none.win32_1.13.3.201707031232/tools/compiler/bin/../lib/gcc/arm-none-eabi/5.4.1/armv7e-m/fpu\libgcc.a(_aeabi_uldivmod.o) (__udivmoddi4)
c:/ac6/systemworkbench/plugins/fr.ac6.mcu.externaltools.arm-none.win32_1.13.3.201707031232/tools/compiler/bin/../lib/gcc/arm-none-eabi/5.4.1/armv7e-m/fpu\libgcc.a(_dvmd_tls.o)
                              c:/ac6/systemworkbench/plugins/fr.ac6.mcu.externaltools.arm-none.win32_1.13.3.201707031232/tools/compiler/bin/../lib/gcc/arm-none-eabi/5.4.1/armv7e-m/fpu\libgcc.a(_aeabi_uldivmod.o) (__aeabi_ldiv0)
c:/ac6/systemworkbench/plugins/fr.ac6.mcu.externaltools.arm-none.win32_1.13.3.201707031232/tools/compiler/bin/../lib/gcc/arm-none-eabi/5.4.1/../../../../arm-none-eabi/lib/armv7e-m/fpu\libc_nano.a(lib_a-exit.o)
                              c:/ac6/systemworkbench/plugins/fr.ac6.mcu.externaltools.arm-none.win32_1.13.3.201707031232/tools/compiler/bin/../lib/gcc/arm-none-eabi/5.4.1/../../../../arm-none-eabi/lib/armv7e-m/fpu/crt0.o (exit)
c:/ac6/systemworkbench/plugins/fr.ac6.mcu.externaltools.arm-none.win32_1.13.3.201707031232/tools/compiler/bin/../lib/gcc/arm-none-eabi/5.4.1/../../../../arm-none-eabi/lib/armv7e-m/fpu\libc_nano.a(lib_a-impure.o)
                              c:/ac6/systemworkbench/plugins/fr.ac6.mcu.externaltools.arm-none.win32_1.13.3.201707031232/tools/compiler/bin/../lib/gcc/arm-none-eabi/5.4.1/../../../../arm-none-eabi/lib/armv7e-m/fpu\libc_nano.a(lib_a-exit.o) (_global_impure_ptr)
c:/ac6/systemworkbench/plugins/fr.ac6.mcu.externaltools.arm-none.win32_1.13.3.201707031232/tools/compiler/bin/../lib/gcc/arm-none-eabi/5.4.1/../../../../arm-none-eabi/lib/armv7e-m/fpu\libc_nano.a(lib_a-init.o)
                              c:/ac6/systemworkbench/plugins/fr.ac6.mcu.externaltools.arm-none.win32_1.13.3.201707031232/tools/compiler/bin/../lib/gcc/arm-none-eabi/5.4.1/../../../../arm-none-eabi/lib/armv7e-m/fpu/crt0.o (__libc_init_array)
c:/ac6/systemworkbench/plugins/fr.ac6.mcu.externaltools.arm-none.win32_1.13.3.201707031232/tools/compiler/bin/../lib/gcc/arm-none-eabi/5.4.1/../../../../arm-none-eabi/lib/armv7e-m/fpu\libc_nano.a(lib_a-memcpy-stub.o)
                              Applications/WIFI/es_wifi.o (memcpy)
c:/ac6/systemworkbench/plugins/fr.ac6.mcu.externaltools.arm-none.win32_1.13.3.201707031232/tools/compiler/bin/../lib/gcc/arm-none-eabi/5.4.1/../../../../arm-none-eabi/lib/armv7e-m/fpu\libc_nano.a(lib_a-memset.o)
                              c:/ac6/systemworkbench/plugins/fr.ac6.mcu.externaltools.arm-none.win32_1.13.3.201707031232/tools/compiler/bin/../lib/gcc/arm-none-eabi/5.4.1/../../../../arm-none-eabi/lib/armv7e-m/fpu/crt0.o (memset)
c:/ac6/systemworkbench/plugins/fr.ac6.mcu.externaltools.arm-none.win32_1.13.3.201707031232/tools/compiler/bin/../lib/gcc/arm-none-eabi/5.4.1/../../../../arm-none-eabi/lib/armv7e-m/fpu\libc_nano.a(lib_a-sprintf.o)
                              Applications/WIFI/es_wifi.o (sprintf)
c:/ac6/systemworkbench/plugins/fr.ac6.mcu.externaltools.arm-none.win32_1.13.3.201707031232/tools/compiler/bin/../lib/gcc/arm-none-eabi/5.4.1/../../../../arm-none-eabi/lib/armv7e-m/fpu\libc_nano.a(lib_a-strcpy.o)
                              Applications/WIFI/es_wifi.o (strcpy)
[...]
Memory Configuration

Name             Origin             Length             Attributes
RAM              0x20000000         0x00018000         xrw
RAM2             0x10000000         0x00008000         xrw
FLASH            0x08000000         0x00100000         xr
*default*        0x00000000         0xffffffff

Linker script and memory map

LOAD c:/ac6/systemworkbench/plugins/fr.ac6.mcu.externaltools.arm-none.win32_1.13.3.201707031232/tools/compiler/bin/../lib/gcc/arm-none-eabi/5.4.1/armv7e-m/fpu/crti.o
LOAD c:/ac6/systemworkbench/plugins/fr.ac6.mcu.externaltools.arm-none.win32_1.13.3.201707031232/tools/compiler/bin/../lib/gcc/arm-none-eabi/5.4.1/armv7e-m/fpu/crtbegin.o
LOAD c:/ac6/systemworkbench/plugins/fr.ac6.mcu.externaltools.arm-none.win32_1.13.3.201707031232/tools/compiler/bin/../lib/gcc/arm-none-eabi/5.4.1/../../../../arm-none-eabi/lib/armv7e-m/fpu/crt0.o
LOAD Applications/SW4STM32/startup_stm32l475xx.o
LOAD Applications/User/low_power_tick_management_LPTIM.o
LOAD Applications/User/main.o
LOAD Applications/User/stm32l4xx_hal_msp.o
LOAD Applications/User/stm32l4xx_hal_tim.o
LOAD Applications/User/stm32l4xx_it.o
LOAD Applications/User/stm32l4xx_timebase_lptim.o
LOAD Applications/WIFI/es_wifi.o
LOAD Applications/WIFI/es_wifi_io.o
LOAD Applications/WIFI/wifi.o
LOAD Drivers/BSP/B-L475E-IOT01/stm32l475e_iot01.o
LOAD Drivers/CMSIS/system_stm32l4xx.o
LOAD Drivers/STM32L4xx_HAL_Driver/stm32l4xx_hal.o
LOAD Drivers/STM32L4xx_HAL_Driver/stm32l4xx_hal_cortex.o
LOAD Drivers/STM32L4xx_HAL_Driver/stm32l4xx_hal_dma.o
LOAD Drivers/STM32L4xx_HAL_Driver/stm32l4xx_hal_flash.o
LOAD Drivers/STM32L4xx_HAL_Driver/stm32l4xx_hal_flash_ex.o
LOAD Drivers/STM32L4xx_HAL_Driver/stm32l4xx_hal_gpio.o
LOAD Drivers/STM32L4xx_HAL_Driver/stm32l4xx_hal_i2c.o
LOAD Drivers/STM32L4xx_HAL_Driver/stm32l4xx_hal_i2c_ex.o
LOAD Drivers/STM32L4xx_HAL_Driver/stm32l4xx_hal_lptim.o
LOAD Drivers/STM32L4xx_HAL_Driver/stm32l4xx_hal_pwr.o
LOAD Drivers/STM32L4xx_HAL_Driver/stm32l4xx_hal_pwr_ex.o
LOAD Drivers/STM32L4xx_HAL_Driver/stm32l4xx_hal_rcc.o
LOAD Drivers/STM32L4xx_HAL_Driver/stm32l4xx_hal_rcc_ex.o
LOAD Drivers/STM32L4xx_HAL_Driver/stm32l4xx_hal_spi.o
LOAD Drivers/STM32L4xx_HAL_Driver/stm32l4xx_hal_spi_ex.o
LOAD Drivers/STM32L4xx_HAL_Driver/stm32l4xx_hal_uart.o
LOAD Drivers/STM32L4xx_HAL_Driver/stm32l4xx_hal_uart_ex.o
LOAD Middlewares/FreeRTOS/CMSIS-RTOS/cmsis_os.o
LOAD Middlewares/FreeRTOS/Portable/heap_4.o
LOAD Middlewares/FreeRTOS/Portable/port.o
LOAD Middlewares/FreeRTOS/event_groups.o
LOAD Middlewares/FreeRTOS/list.o
LOAD Middlewares/FreeRTOS/queue.o
LOAD Middlewares/FreeRTOS/tasks.o
LOAD Middlewares/FreeRTOS/timers.o
LOAD c:/ac6/systemworkbench/plugins/fr.ac6.mcu.externaltools.arm-none.win32_1.13.3.201707031232/tools/compiler/bin/../lib/gcc/arm-none-eabi/5.4.1/../../../../arm-none-eabi/lib/armv7e-m/fpu\libm.a
START GROUP
LOAD c:/ac6/systemworkbench/plugins/fr.ac6.mcu.externaltools.arm-none.win32_1.13.3.201707031232/tools/compiler/bin/../lib/gcc/arm-none-eabi/5.4.1/armv7e-m/fpu\libgcc.a
LOAD c:/ac6/systemworkbench/plugins/fr.ac6.mcu.externaltools.arm-none.win32_1.13.3.201707031232/tools/compiler/bin/../lib/gcc/arm-none-eabi/5.4.1/../../../../arm-none-eabi/lib/armv7e-m/fpu\libc_nano.a
END GROUP
START GROUP
LOAD c:/ac6/systemworkbench/plugins/fr.ac6.mcu.externaltools.arm-none.win32_1.13.3.201707031232/tools/compiler/bin/../lib/gcc/arm-none-eabi/5.4.1/armv7e-m/fpu\libgcc.a
LOAD c:/ac6/systemworkbench/plugins/fr.ac6.mcu.externaltools.arm-none.win32_1.13.3.201707031232/tools/compiler/bin/../lib/gcc/arm-none-eabi/5.4.1/../../../../arm-none-eabi/lib/armv7e-m/fpu\libc_nano.a
LOAD c:/ac6/systemworkbench/plugins/fr.ac6.mcu.externaltools.arm-none.win32_1.13.3.201707031232/tools/compiler/bin/../lib/gcc/arm-none-eabi/5.4.1/../../../../arm-none-eabi/lib/armv7e-m/fpu\libnosys.a
END GROUP
START GROUP
LOAD c:/ac6/systemworkbench/plugins/fr.ac6.mcu.externaltools.arm-none.win32_1.13.3.201707031232/tools/compiler/bin/../lib/gcc/arm-none-eabi/5.4.1/armv7e-m/fpu\libgcc.a
LOAD c:/ac6/systemworkbench/plugins/fr.ac6.mcu.externaltools.arm-none.win32_1.13.3.201707031232/tools/compiler/bin/../lib/gcc/arm-none-eabi/5.4.1/../../../../arm-none-eabi/lib/armv7e-m/fpu\libc_nano.a
LOAD c:/ac6/systemworkbench/plugins/fr.ac6.mcu.externaltools.arm-none.win32_1.13.3.201707031232/tools/compiler/bin/../lib/gcc/arm-none-eabi/5.4.1/../../../../arm-none-eabi/lib/armv7e-m/fpu\libnosys.a
END GROUP
LOAD c:/ac6/systemworkbench/plugins/fr.ac6.mcu.externaltools.arm-none.win32_1.13.3.201707031232/tools/compiler/bin/../lib/gcc/arm-none-eabi/5.4.1/armv7e-m/fpu/crtend.o
LOAD c:/ac6/systemworkbench/plugins/fr.ac6.mcu.externaltools.arm-none.win32_1.13.3.201707031232/tools/compiler/bin/../lib/gcc/arm-none-eabi/5.4.1/armv7e-m/fpu/crtn.o
                0x20018000                _estack = 0x20018000
                0x00000000                _Min_Heap_Size = 0x0
                0x00000000                _Min_Stack_Size = 0x0

.isr_vector     0x08000000      0x188
                0x08000000                . = ALIGN (0x8)
 *(.isr_vector)
 .isr_vector    0x08000000      0x188 Applications/SW4STM32/startup_stm32l475xx.o
                0x08000000                g_pfnVectors
                0x08000188                . = ALIGN (0x8)

.text           0x08000190     0x2fd8
                0x08000190                . = ALIGN (0x8)
 *(.text)
 .text          0x08000190       0x5c c:/ac6/systemworkbench/plugins/fr.ac6.mcu.externaltools.arm-none.win32_1.13.3.201707031232/tools/compiler/bin/../lib/gcc/arm-none-eabi/5.4.1/armv7e-m/fpu/crtbegin.o
 .text          0x080001ec      0x370 c:/ac6/systemworkbench/plugins/fr.ac6.mcu.externaltools.arm-none.win32_1.13.3.201707031232/tools/compiler/bin/../lib/gcc/arm-none-eabi/5.4.1/armv7e-m/fpu\libgcc.a(_arm_addsubdf3.o)
                0x080001ec                __aeabi_drsub
                0x080001f4                __aeabi_dsub
                0x080001f4                __subdf3
                0x080001f8                __aeabi_dadd
                0x080001f8                __adddf3
                0x08000470                __floatunsidf
                0x08000470                __aeabi_ui2d
                0x08000490                __floatsidf
                0x08000490                __aeabi_i2d
                0x080004b4                __aeabi_f2d
                0x080004b4                __extendsfdf2
                0x080004f0                __floatundidf
                0x080004f0                __aeabi_ul2d
                0x08000500                __floatdidf
                0x08000500                __aeabi_l2d
 .text          0x0800055c      0x424 c:/ac6/systemworkbench/plugins/fr.ac6.mcu.externaltools.arm-none.win32_1.13.3.201707031232/tools/compiler/bin/../lib/gcc/arm-none-eabi/5.4.1/armv7e-m/fpu\libgcc.a(_arm_muldivdf3.o)
                0x0800055c                __aeabi_dmul
                0x0800055c                __muldf3
                0x080007b0                __divdf3
                0x080007b0                __aeabi_ddiv
 .text          0x08000980       0x40 c:/ac6/systemworkbench/plugins/fr.ac6.mcu.externaltools.arm-none.win32_1.13.3.201707031232/tools/compiler/bin/../lib/gcc/arm-none-eabi/5.4.1/armv7e-m/fpu\libgcc.a(_arm_fixunsdfsi.o)
                0x08000980                __aeabi_d2uiz
                0x08000980                __fixunsdfsi
 .text          0x080009c0       0xa0 c:/ac6/systemworkbench/plugins/fr.ac6.mcu.externaltools.arm-none.win32_1.13.3.201707031232/tools/compiler/bin/../lib/gcc/arm-none-eabi/5.4.1/armv7e-m/fpu\libgcc.a(_arm_truncdfsf2.o)
                0x080009c0                __truncdfsf2
                0x080009c0                __aeabi_d2f
 *(.text*)
 .text.Reset_Handler
                0x08000a60       0x50 Applications/SW4STM32/startup_stm32l475xx.o
                0x08000a60                Reset_Handler
 .text.Default_Handler
                0x08000ab0        0x2 Applications/SW4STM32/startup_stm32l475xx.o
                0x08000ab0                RTC_Alarm_IRQHandler
                0x08000ab0                EXTI2_IRQHandler
                0x08000ab0                TIM8_TRG_COM_IRQHandler
                0x08000ab0                TIM8_CC_IRQHandler
                0x08000ab0                TIM1_CC_IRQHandler
                0x08000ab0                TSC_IRQHandler
                0x08000ab0                TAMP_STAMP_IRQHandler
                0x08000ab0                EXTI3_IRQHandler
                0x08000ab0                LPTIM2_IRQHandler
                0x08000ab0                DFSDM1_FLT1_IRQHandler
                0x08000ab0                I2C3_ER_IRQHandler
                0x08000ab0                DFSDM1_FLT2_IRQHandler
                0x08000ab0                EXTI0_IRQHandler
                0x08000ab0                I2C2_EV_IRQHandler
                0x08000ab0                CAN1_RX0_IRQHandler
                0x08000ab0                FPU_IRQHandler
                0x08000ab0                TIM1_UP_TIM16_IRQHandler
                0x08000ab0                ADC1_2_IRQHandler
                0x08000ab0                SPI1_IRQHandler
                0x08000ab0                TIM6_DAC_IRQHandler
                0x08000ab0                TIM8_UP_IRQHandler
                0x08000ab0                DMA2_Channel2_IRQHandler
                0x08000ab0                DMA1_Channel4_IRQHandler
                0x08000ab0                SAI2_IRQHandler
                0x08000ab0                DFSDM1_FLT3_IRQHandler
                0x08000ab0                USART3_IRQHandler
                0x08000ab0                DMA1_Channel7_IRQHandler
                0x08000ab0                CAN1_RX1_IRQHandler
                0x08000ab0                UART5_IRQHandler
                0x08000ab0                ADC3_IRQHandler
                0x08000ab0                TIM4_IRQHandler
                0x08000ab0                DMA2_Channel1_IRQHandler
                0x08000ab0                QUADSPI_IRQHandler
                0x08000ab0                I2C1_EV_IRQHandler
                0x08000ab0                DMA1_Channel6_IRQHandler
                0x08000ab0                UART4_IRQHandler
                0x08000ab0                DMA2_Channel4_IRQHandler
                0x08000ab0                TIM3_IRQHandler
                0x08000ab0                RCC_IRQHandler
                0x08000ab0                DMA1_Channel1_IRQHandler
                0x08000ab0                Default_Handler
                0x08000ab0                DMA2_Channel7_IRQHandler
                0x08000ab0                EXTI15_10_IRQHandler
                0x08000ab0                TIM7_IRQHandler
                0x08000ab0                SDMMC1_IRQHandler
                0x08000ab0                TIM5_IRQHandler
                0x08000ab0                I2C3_EV_IRQHandler
                0x08000ab0                EXTI9_5_IRQHandler
                0x08000ab0                RTC_WKUP_IRQHandler
                0x08000ab0                PVD_PVM_IRQHandler
                0x08000ab0                SPI2_IRQHandler
                0x08000ab0                CAN1_TX_IRQHandler
                0x08000ab0                DMA2_Channel5_IRQHandler
                0x08000ab0                DMA1_Channel5_IRQHandler
                0x08000ab0                EXTI4_IRQHandler
                0x08000ab0                RNG_IRQHandler
                0x08000ab0                TIM1_TRG_COM_TIM17_IRQHandler
                0x08000ab0                DMA1_Channel3_IRQHandler
                0x08000ab0                COMP_IRQHandler
                0x08000ab0                WWDG_IRQHandler
                0x08000ab0                LPUART1_IRQHandler
                0x08000ab0                DMA2_Channel6_IRQHandler
                0x08000ab0                TIM2_IRQHandler
                0x08000ab0                EXTI1_IRQHandler
                0x08000ab0                USART2_IRQHandler
                0x08000ab0                DFSDM1_FLT0_IRQHandler
                0x08000ab0                I2C2_ER_IRQHandler
                0x08000ab0                DMA1_Channel2_IRQHandler
                0x08000ab0                TIM8_BRK_IRQHandler
                0x08000ab0                CAN1_SCE_IRQHandler
                0x08000ab0                FLASH_IRQHandler
                0x08000ab0                USART1_IRQHandler
                0x08000ab0                OTG_FS_IRQHandler
                0x08000ab0                SPI3_IRQHandler
                0x08000ab0                I2C1_ER_IRQHandler
                0x08000ab0                FMC_IRQHandler
                0x08000ab0                SWPMI1_IRQHandler
                0x08000ab0                SAI1_IRQHandler
                0x08000ab0                DMA2_Channel3_IRQHandler
                0x08000ab0                TIM1_BRK_TIM15_IRQHandler
 .text.vPortSetupTimerInterrupt
                0x08000ab2        0x6 Applications/User/low_power_tick_management_LPTIM.o
                0x08000ab2                vPortSetupTimerInterrupt
 .text.ToggleLedThread
                0x08000ab8       0x20 Applications/User/main.o
 .text.startup.main
                0x08000ad8       0x74 Applications/User/main.o
                0x08000ad8                main
 .text.pwm_init
                0x08000b4c       0x94 Applications/User/main.o
                0x08000b4c                pwm_init
 .text.StartThread
                0x08000be0       0x4c Applications/User/main.o
 .text.pwm_set_duty
                0x08000c2c       0x60 Applications/User/main.o
                0x08000c2c                pwm_set_duty
 *fill*         0x08000c8c        0x4 
 .text.pwm_set_duty_thread
                0x08000c90       0x70 Applications/User/main.o
 .text.HAL_LPTIM_MspInit
                0x08000d00       0x30 Applications/User/stm32l4xx_hal_msp.o
                0x08000d00                HAL_LPTIM_MspInit
 .text.TIM_OC1_SetConfig
                0x08000d30       0x98 Applications/User/stm32l4xx_hal_tim.o
 .text.TIM_OC3_SetConfig
                0x08000dc8       0x8c Applications/User/stm32l4xx_hal_tim.o
 .text.TIM_OC4_SetConfig
                0x08000e54       0x68 Applications/User/stm32l4xx_hal_tim.o
 .text.TIM_OC5_SetConfig
                0x08000ebc       0x68 Applications/User/stm32l4xx_hal_tim.o
 .text.TIM_OC6_SetConfig
                0x08000f24       0x68 Applications/User/stm32l4xx_hal_tim.o
 .text.HAL_TIM_PWM_MspInit
                0x08000f8c        0x2 Applications/User/stm32l4xx_hal_tim.o
                0x08000f8c                HAL_TIM_PWM_MspInit
 *fill*         0x08000f8e        0x2 
 .text.TIM_Base_SetConfig
                0x08000f90       0xc4 Applications/User/stm32l4xx_hal_tim.o
                0x08000f90                TIM_Base_SetConfig
 .text.HAL_TIM_PWM_Init
                0x08001054       0x34 Applications/User/stm32l4xx_hal_tim.o
                0x08001054                HAL_TIM_PWM_Init
 .text.TIM_OC2_SetConfig
                0x08001088       0x8c Applications/User/stm32l4xx_hal_tim.o
                0x08001088                TIM_OC2_SetConfig
 .text.HAL_TIM_PWM_ConfigChannel
                0x08001114      0x10c Applications/User/stm32l4xx_hal_tim.o
                0x08001114                HAL_TIM_PWM_ConfigChannel
 .text.TIM_CCxChannelCmd
                0x08001220       0x1a Applications/User/stm32l4xx_hal_tim.o
                0x08001220                TIM_CCxChannelCmd
 *fill*         0x0800123a        0x2 
 .text.HAL_TIM_PWM_Start
                0x0800123c       0x4c Applications/User/stm32l4xx_hal_tim.o
                0x0800123c                HAL_TIM_PWM_Start
 .text.NMI_Handler
                0x08001288        0x2 Applications/User/stm32l4xx_it.o
                0x08001288                NMI_Handler
 .text.HardFault_Handler
                0x0800128a        0x2 Applications/User/stm32l4xx_it.o
                0x0800128a                HardFault_Handler
 .text.MemManage_Handler
                0x0800128c        0x2 Applications/User/stm32l4xx_it.o
                0x0800128c                MemManage_Handler
 .text.BusFault_Handler
                0x0800128e        0x2 Applications/User/stm32l4xx_it.o
                0x0800128e                BusFault_Handler
 .text.UsageFault_Handler
                0x08001290        0x2 Applications/User/stm32l4xx_it.o
                0x08001290                UsageFault_Handler
 .text.DebugMon_Handler
                0x08001292        0x2 Applications/User/stm32l4xx_it.o
                0x08001292                DebugMon_Handler
 .text.SysTick_Handler
                0x08001294        0x2 Applications/User/stm32l4xx_it.o
                0x08001294                SysTick_Handler
 *fill*         0x08001296        0x2 
 .text.InitTick
                0x08001298       0xa4 Applications/User/stm32l4xx_timebase_lptim.o
                0x08001298                InitTick
 .text.HAL_InitTick
                0x0800133c        0xa Applications/User/stm32l4xx_timebase_lptim.o
                0x0800133c                HAL_InitTick
 .text.HAL_LPTIM_AutoReloadMatchCallback
                0x08001346       0x3a Applications/User/stm32l4xx_timebase_lptim.o
                0x08001346                HAL_LPTIM_AutoReloadMatchCallback
 .text.LPTIM1_IRQHandler
                0x08001380       0x24 Applications/User/stm32l4xx_timebase_lptim.o
                0x08001380                LPTIM1_IRQHandler
 .text.BSP_LED_Init
                0x080013a4       0x44 Drivers/BSP/B-L475E-IOT01/stm32l475e_iot01.o
                0x080013a4                BSP_LED_Init
 .text.BSP_LED_On
                0x080013e8       0x14 Drivers/BSP/B-L475E-IOT01/stm32l475e_iot01.o
                0x080013e8                BSP_LED_On
 .text.BSP_LED_Off
                0x080013fc       0x14 Drivers/BSP/B-L475E-IOT01/stm32l475e_iot01.o
                0x080013fc                BSP_LED_Off
 .text.BSP_PB_Init
                0x08001410       0x7c Drivers/BSP/B-L475E-IOT01/stm32l475e_iot01.o
                0x08001410                BSP_PB_Init
 .text.SystemInit
                0x0800148c       0x48 Drivers/CMSIS/system_stm32l4xx.o
                0x0800148c                SystemInit
 .text.HAL_MspInit
                0x080014d4        0x2 Drivers/STM32L4xx_HAL_Driver/stm32l4xx_hal.o
                0x080014d4                HAL_MspInit
 .text.HAL_Init
                0x080014d6       0x16 Drivers/STM32L4xx_HAL_Driver/stm32l4xx_hal.o
                0x080014d6                HAL_Init
 .text.HAL_IncTick
                0x080014ec       0x10 Drivers/STM32L4xx_HAL_Driver/stm32l4xx_hal.o
                0x080014ec                HAL_IncTick
 .text.HAL_GetTick
                0x080014fc        0xc Drivers/STM32L4xx_HAL_Driver/stm32l4xx_hal.o
                0x080014fc                HAL_GetTick
 .text.HAL_NVIC_SetPriorityGrouping
                0x08001508       0x24 Drivers/STM32L4xx_HAL_Driver/stm32l4xx_hal_cortex.o
                0x08001508                HAL_NVIC_SetPriorityGrouping
 .text.HAL_NVIC_SetPriority
                0x0800152c       0x68 Drivers/STM32L4xx_HAL_Driver/stm32l4xx_hal_cortex.o
                0x0800152c                HAL_NVIC_SetPriority
 .text.HAL_NVIC_EnableIRQ
                0x08001594       0x18 Drivers/STM32L4xx_HAL_Driver/stm32l4xx_hal_cortex.o
                0x08001594                HAL_NVIC_EnableIRQ
 .text.HAL_GPIO_Init
                0x080015ac      0x1bc Drivers/STM32L4xx_HAL_Driver/stm32l4xx_hal_gpio.o
                0x080015ac                HAL_GPIO_Init
 .text.HAL_GPIO_WritePin
                0x08001768        0xa Drivers/STM32L4xx_HAL_Driver/stm32l4xx_hal_gpio.o
                0x08001768                HAL_GPIO_WritePin
 *fill*         0x08001772        0x2 
 .text.HAL_LPTIM_Init
                0x08001774       0xa4 Drivers/STM32L4xx_HAL_Driver/stm32l4xx_hal_lptim.o
                0x08001774                HAL_LPTIM_Init
 .text.HAL_LPTIM_ReadAutoReload
                0x08001818        0x6 Drivers/STM32L4xx_HAL_Driver/stm32l4xx_hal_lptim.o
                0x08001818                HAL_LPTIM_ReadAutoReload
 *fill*         0x0800181e        0x2 
 .text.HAL_PWREx_GetVoltageRange
                0x08001820       0x10 Drivers/STM32L4xx_HAL_Driver/stm32l4xx_hal_pwr_ex.o
                0x08001820                HAL_PWREx_GetVoltageRange
 .text.RCC_SetFlashLatencyFromMSIRange
                0x08001830       0x84 Drivers/STM32L4xx_HAL_Driver/stm32l4xx_hal_rcc.o
 .text.HAL_RCC_GetSysClockFreq
                0x080018b4       0xdc Drivers/STM32L4xx_HAL_Driver/stm32l4xx_hal_rcc.o
                0x080018b4                HAL_RCC_GetSysClockFreq
 .text.HAL_RCC_OscConfig
                0x08001990      0x464 Drivers/STM32L4xx_HAL_Driver/stm32l4xx_hal_rcc.o
                0x08001990                HAL_RCC_OscConfig
 .text.HAL_RCC_ClockConfig
                0x08001df4      0x164 Drivers/STM32L4xx_HAL_Driver/stm32l4xx_hal_rcc.o
                0x08001df4                HAL_RCC_ClockConfig
 .text.RCCEx_PLLSAI1_Config
                0x08001f58      0x120 Drivers/STM32L4xx_HAL_Driver/stm32l4xx_hal_rcc_ex.o
 .text.RCCEx_PLLSAI2_Config
                0x08002078      0x100 Drivers/STM32L4xx_HAL_Driver/stm32l4xx_hal_rcc_ex.o
 .text.HAL_RCCEx_PeriphCLKConfig
                0x08002178      0x3cc Drivers/STM32L4xx_HAL_Driver/stm32l4xx_hal_rcc_ex.o
                0x08002178                HAL_RCCEx_PeriphCLKConfig
 .text.osKernelStart
                0x08002544        0xa Middlewares/FreeRTOS/CMSIS-RTOS/cmsis_os.o
                0x08002544                osKernelStart
 .text.osThreadCreate
                0x0800254e       0x30 Middlewares/FreeRTOS/CMSIS-RTOS/cmsis_os.o
                0x0800254e                osThreadCreate
 .text.osThreadTerminate
                0x0800257e        0xa Middlewares/FreeRTOS/CMSIS-RTOS/cmsis_os.o
                0x0800257e                osThreadTerminate
 .text.osDelay  0x08002588       0x10 Middlewares/FreeRTOS/CMSIS-RTOS/cmsis_os.o
                0x08002588                osDelay
 .text.osSystickHandler
                0x08002598       0x14 Middlewares/FreeRTOS/CMSIS-RTOS/cmsis_os.o
                0x08002598                osSystickHandler
 .text.unlikely.prvInsertBlockIntoFreeList
                0x080025ac       0x44 Middlewares/FreeRTOS/Portable/heap_4.o
 .text.pvPortMalloc
                0x080025f0      0x11c Middlewares/FreeRTOS/Portable/heap_4.o
                0x080025f0                pvPortMalloc
 .text.vPortFree
                0x0800270c       0x70 Middlewares/FreeRTOS/Portable/heap_4.o
                0x0800270c                vPortFree
 .text.prvTaskExitError
                0x0800277c       0x30 Middlewares/FreeRTOS/Portable/port.o
 .text.prvPortStartFirstTask
                0x080027ac       0x20 Middlewares/FreeRTOS/Portable/port.o
 .text.vPortEnableVFP
                0x080027cc       0x14 Middlewares/FreeRTOS/Portable/port.o
 .text.pxPortInitialiseStack
                0x080027e0       0x2c Middlewares/FreeRTOS/Portable/port.o
                0x080027e0                pxPortInitialiseStack
 *fill*         0x0800280c        0x4 
 .text.SVC_Handler
                0x08002810       0x24 Middlewares/FreeRTOS/Portable/port.o
                0x08002810                SVC_Handler
 .text.vPortEnterCritical
                0x08002834       0x44 Middlewares/FreeRTOS/Portable/port.o
                0x08002834                vPortEnterCritical
 .text.vPortExitCritical
                0x08002878       0x28 Middlewares/FreeRTOS/Portable/port.o
                0x08002878                vPortExitCritical
 .text.PendSV_Handler
                0x080028a0       0x64 Middlewares/FreeRTOS/Portable/port.o
                0x080028a0                PendSV_Handler
 .text.xPortSysTickHandler
                0x08002904       0x2c Middlewares/FreeRTOS/Portable/port.o
                0x08002904                xPortSysTickHandler
 .text.xPortStartScheduler
                0x08002930       0xe4 Middlewares/FreeRTOS/Portable/port.o
                0x08002930                xPortStartScheduler
 .text.vListInitialise
                0x08002a14       0x16 Middlewares/FreeRTOS/list.o
                0x08002a14                vListInitialise
 .text.vListInitialiseItem
                0x08002a2a        0x6 Middlewares/FreeRTOS/list.o
                0x08002a2a                vListInitialiseItem
 .text.vListInsertEnd
                0x08002a30       0x18 Middlewares/FreeRTOS/list.o
                0x08002a30                vListInsertEnd
 .text.vListInsert
                0x08002a48       0x30 Middlewares/FreeRTOS/list.o
                0x08002a48                vListInsert
 .text.uxListRemove
                0x08002a78       0x20 Middlewares/FreeRTOS/list.o
                0x08002a78                uxListRemove
 .text.prvResetNextTaskUnblockTime
                0x08002a98       0x20 Middlewares/FreeRTOS/tasks.o
 .text.prvAddCurrentTaskToDelayedList
                0x08002ab8       0x70 Middlewares/FreeRTOS/tasks.o
 .text.xTaskCreate
                0x08002b28      0x188 Middlewares/FreeRTOS/tasks.o
                0x08002b28                xTaskCreate
 .text.vTaskDelete
                0x08002cb0       0xc0 Middlewares/FreeRTOS/tasks.o
                0x08002cb0                vTaskDelete
 .text.vTaskStartScheduler
                0x08002d70       0x6c Middlewares/FreeRTOS/tasks.o
                0x08002d70                vTaskStartScheduler
 .text.vTaskSuspendAll
                0x08002ddc       0x14 Middlewares/FreeRTOS/tasks.o
                0x08002ddc                vTaskSuspendAll
 .text.xTaskIncrementTick
                0x08002df0       0xec Middlewares/FreeRTOS/tasks.o
                0x08002df0                xTaskIncrementTick
 .text.xTaskResumeAll
                0x08002edc       0xd8 Middlewares/FreeRTOS/tasks.o
                0x08002edc                xTaskResumeAll
 .text.vTaskDelay
                0x08002fb4       0x4c Middlewares/FreeRTOS/tasks.o
                0x08002fb4                vTaskDelay
 .text.prvIdleTask
                0x08003000       0x70 Middlewares/FreeRTOS/tasks.o
 .text.vTaskSwitchContext
                0x08003070       0x64 Middlewares/FreeRTOS/tasks.o
                0x08003070                vTaskSwitchContext
 .text.xTaskGetSchedulerState
                0x080030d4       0x20 Middlewares/FreeRTOS/tasks.o
                0x080030d4                xTaskGetSchedulerState
 .text.__libc_init_array
                0x080030f4       0x4c c:/ac6/systemworkbench/plugins/fr.ac6.mcu.externaltools.arm-none.win32_1.13.3.201707031232/tools/compiler/bin/../lib/gcc/arm-none-eabi/5.4.1/../../../../arm-none-eabi/lib/armv7e-m/fpu\libc_nano.a(lib_a-init.o)
                0x080030f4                __libc_init_array
 .text.memset   0x08003140       0x10 c:/ac6/systemworkbench/plugins/fr.ac6.mcu.externaltools.arm-none.win32_1.13.3.201707031232/tools/compiler/bin/../lib/gcc/arm-none-eabi/5.4.1/../../../../arm-none-eabi/lib/armv7e-m/fpu\libc_nano.a(lib_a-memset.o)
                0x08003140                memset
 *(.glue_7)
 .glue_7        0x08003150        0x0 linker stubs
 *(.glue_7t)
 .glue_7t       0x08003150        0x0 linker stubs
 *(.eh_frame)
 .eh_frame      0x08003150        0x0 c:/ac6/systemworkbench/plugins/fr.ac6.mcu.externaltools.arm-none.win32_1.13.3.201707031232/tools/compiler/bin/../lib/gcc/arm-none-eabi/5.4.1/armv7e-m/fpu/crtbegin.o
 *(.init)
 .init          0x08003150        0x4 c:/ac6/systemworkbench/plugins/fr.ac6.mcu.externaltools.arm-none.win32_1.13.3.201707031232/tools/compiler/bin/../lib/gcc/arm-none-eabi/5.4.1/armv7e-m/fpu/crti.o
                0x08003150                _init
 .init          0x08003154        0x8 c:/ac6/systemworkbench/plugins/fr.ac6.mcu.externaltools.arm-none.win32_1.13.3.201707031232/tools/compiler/bin/../lib/gcc/arm-none-eabi/5.4.1/armv7e-m/fpu/crtn.o
 *(.fini)
 .fini          0x0800315c        0x4 c:/ac6/systemworkbench/plugins/fr.ac6.mcu.externaltools.arm-none.win32_1.13.3.201707031232/tools/compiler/bin/../lib/gcc/arm-none-eabi/5.4.1/armv7e-m/fpu/crti.o
                0x0800315c                _fini
 .fini          0x08003160        0x8 c:/ac6/systemworkbench/plugins/fr.ac6.mcu.externaltools.arm-none.win32_1.13.3.201707031232/tools/compiler/bin/../lib/gcc/arm-none-eabi/5.4.1/armv7e-m/fpu/crtn.o
                0x08003168                . = ALIGN (0x8)
                0x08003168                _etext = .

.vfp11_veneer   0x08003168        0x0
 .vfp11_veneer  0x08003168        0x0 linker stubs

.v4_bx          0x08003168        0x0
 .v4_bx         0x08003168        0x0 linker stubs

.iplt           0x08003168        0x0
 .iplt          0x08003168        0x0 c:/ac6/systemworkbench/plugins/fr.ac6.mcu.externaltools.arm-none.win32_1.13.3.201707031232/tools/compiler/bin/../lib/gcc/arm-none-eabi/5.4.1/armv7e-m/fpu/crtbegin.o

.rodata         0x08003168       0xa0
                0x08003168                . = ALIGN (0x8)
 *(.rodata)
 .rodata        0x08003168       0x3c Applications/User/main.o
 .rodata        0x080031a4       0x48 Drivers/CMSIS/system_stm32l4xx.o
                0x080031a4                MSIRangeTable
                0x080031d4                AHBPrescTable
                0x080031e4                APBPrescTable
 *(.rodata*)
 .rodata.str1.1
                0x080031ec       0x11 Applications/User/main.o
 .rodata.str1.1
                0x080031fd        0x5 Middlewares/FreeRTOS/tasks.o
                0x08003208                . = ALIGN (0x8)
 *fill*         0x08003202        0x6 

.rel.dyn        0x08003208        0x0
 .rel.iplt      0x08003208        0x0 c:/ac6/systemworkbench/plugins/fr.ac6.mcu.externaltools.arm-none.win32_1.13.3.201707031232/tools/compiler/bin/../lib/gcc/arm-none-eabi/5.4.1/armv7e-m/fpu/crtbegin.o

.ARM.extab      0x08003208        0x0
                0x08003208                . = ALIGN (0x8)
 *(.ARM.extab* .gnu.linkonce.armextab.*)
                0x08003208                . = ALIGN (0x8)

.ARM            0x08003208        0x0
                0x08003208                . = ALIGN (0x8)
                0x08003208                __exidx_start = .
 *(.ARM.exidx*)
                0x08003208                __exidx_end = .
                0x08003208                . = ALIGN (0x8)

.preinit_array  0x08003208        0x0
                0x08003208                . = ALIGN (0x8)
                0x08003208                PROVIDE (__preinit_array_start, .)
 *(.preinit_array*)
                0x08003208                PROVIDE (__preinit_array_end, .)
                0x08003208                . = ALIGN (0x8)

.init_array     0x08003208        0x8
                0x08003208                . = ALIGN (0x8)
                0x08003208                PROVIDE (__init_array_start, .)
 *(SORT(.init_array.*))
 *(.init_array*)
 .init_array    0x08003208        0x4 c:/ac6/systemworkbench/plugins/fr.ac6.mcu.externaltools.arm-none.win32_1.13.3.201707031232/tools/compiler/bin/../lib/gcc/arm-none-eabi/5.4.1/armv7e-m/fpu/crtbegin.o
                0x0800320c                PROVIDE (__init_array_end, .)
                0x08003210                . = ALIGN (0x8)
 *fill*         0x0800320c        0x4 

.fini_array     0x08003210        0x8
                0x08003210                . = ALIGN (0x8)
                [!provide]                PROVIDE (__fini_array_start, .)
 *(SORT(.fini_array.*))
 *(.fini_array*)
 .fini_array    0x08003210        0x4 c:/ac6/systemworkbench/plugins/fr.ac6.mcu.externaltools.arm-none.win32_1.13.3.201707031232/tools/compiler/bin/../lib/gcc/arm-none-eabi/5.4.1/armv7e-m/fpu/crtbegin.o
                [!provide]                PROVIDE (__fini_array_end, .)
                0x08003218                . = ALIGN (0x8)
 *fill*         0x08003214        0x4 
                0x08003218                _sidata = LOADADDR (.data)

.data           0x20000000       0x20 load address 0x08003218
                0x20000000                . = ALIGN (0x8)
                0x20000000                _sdata = .
 *(.data)
 .data          0x20000000       0x14 Drivers/BSP/B-L475E-IOT01/stm32l475e_iot01.o
                0x20000000                GPIO_PORT
                0x20000004                BUTTON_PORT
                0x20000008                COM_TX_PORT
                0x2000000c                COM_RX_PORT
                0x20000010                COM_USART
 .data          0x20000014        0x4 Drivers/CMSIS/system_stm32l4xx.o
                0x20000014                SystemCoreClock
 .data          0x20000018        0x4 Middlewares/FreeRTOS/Portable/port.o
 *(.data*)
                0x20000020                . = ALIGN (0x8)
 *fill*         0x2000001c        0x4 
                0x20000020                _edata = .

.jcr            0x20000020        0x0 load address 0x08003238
 .jcr           0x20000020        0x0 c:/ac6/systemworkbench/plugins/fr.ac6.mcu.externaltools.arm-none.win32_1.13.3.201707031232/tools/compiler/bin/../lib/gcc/arm-none-eabi/5.4.1/armv7e-m/fpu/crtbegin.o

.igot.plt       0x20000020        0x0 load address 0x08003238
 .igot.plt      0x20000020        0x0 c:/ac6/systemworkbench/plugins/fr.ac6.mcu.externaltools.arm-none.win32_1.13.3.201707031232/tools/compiler/bin/../lib/gcc/arm-none-eabi/5.4.1/armv7e-m/fpu/crtbegin.o
                0x20000020                . = ALIGN (0x4)

.bss            0x20000020      0xe9c load address 0x08003238
                0x20000020                _sbss = .
                0x20000020                __bss_start__ = _sbss
 *(.bss)
 .bss           0x20000020       0x1c c:/ac6/systemworkbench/plugins/fr.ac6.mcu.externaltools.arm-none.win32_1.13.3.201707031232/tools/compiler/bin/../lib/gcc/arm-none-eabi/5.4.1/armv7e-m/fpu/crtbegin.o
 .bss           0x2000003c        0x4 Applications/User/stm32l4xx_timebase_lptim.o
                0x2000003c                ulTickInit
 .bss           0x20000040      0xc18 Middlewares/FreeRTOS/Portable/heap_4.o
 .bss           0x20000c58        0x8 Middlewares/FreeRTOS/Portable/port.o
 .bss           0x20000c60      0x12c Middlewares/FreeRTOS/tasks.o
                0x20000c6c                pxCurrentTCB
 *(.bss*)
 *(COMMON)
 COMMON         0x20000d8c       0x6c Applications/User/main.o
                0x20000d8c                pwm_handle
                0x20000dc8                GPIO_InitDef
                0x20000ddc                pwm_oc_init
 COMMON         0x20000df8       0xc0 Applications/User/stm32l4xx_timebase_lptim.o
                0x20000df8                LptimHandle
                0x20000e30                RCC_PeriphCLKInitStruct
 COMMON         0x20000eb8        0x4 Drivers/STM32L4xx_HAL_Driver/stm32l4xx_hal.o
                0x20000eb8                uwTick
                0x20000ebc                . = ALIGN (0x4)
                0x20000ebc                _ebss = .
                0x20000ebc                __bss_end__ = _ebss

._user_heap_stack
                0x20000ebc        0x4 load address 0x08003238
                0x20000ec0                . = ALIGN (0x8)
 *fill*         0x20000ebc        0x4 
                0x20000ec0                PROVIDE (end, .)
                [!provide]                PROVIDE (_end, .)
                0x20000ec0                . = (. + _Min_Heap_Size)
                0x20000ec0                . = (. + _Min_Stack_Size)
                0x20000ec0                . = ALIGN (0x8)

/DISCARD/
 libc.a(*)
 libm.a(*)
 libgcc.a(*)

.ARM.attributes
                0x00000000       0x30
 *(.ARM.attributes)
 .ARM.attributes
                0x00000000       0x22 c:/ac6/systemworkbench/plugins/fr.ac6.mcu.externaltools.arm-none.win32_1.13.3.201707031232/tools/compiler/bin/../lib/gcc/arm-none-eabi/5.4.1/armv7e-m/fpu/crti.o
 .ARM.attributes
                0x00000022       0x34 c:/ac6/systemworkbench/plugins/fr.ac6.mcu.externaltools.arm-none.win32_1.13.3.201707031232/tools/compiler/bin/../lib/gcc/arm-none-eabi/5.4.1/armv7e-m/fpu/crtbegin.o
 .ARM.attributes
                0x00000056       0x21 Applications/SW4STM32/startup_stm32l475xx.o
 .ARM.attributes
                0x00000077       0x39 Applications/User/low_power_tick_management_LPTIM.o
 .ARM.attributes
                0x000000b0       0x39 Applications/User/main.o
 .ARM.attributes
                0x000000e9       0x39 Applications/User/stm32l4xx_hal_msp.o
 .ARM.attributes
                0x00000122       0x39 Applications/User/stm32l4xx_hal_tim.o
 .ARM.attributes
                0x0000015b       0x39 Applications/User/stm32l4xx_it.o
 .ARM.attributes
                0x00000194       0x39 Applications/User/stm32l4xx_timebase_lptim.o
 .ARM.attributes
                0x000001cd       0x39 Drivers/BSP/B-L475E-IOT01/stm32l475e_iot01.o
 .ARM.attributes
                0x00000206       0x39 Drivers/CMSIS/system_stm32l4xx.o
 .ARM.attributes
                0x0000023f       0x39 Drivers/STM32L4xx_HAL_Driver/stm32l4xx_hal.o
 .ARM.attributes
                0x00000278       0x39 Drivers/STM32L4xx_HAL_Driver/stm32l4xx_hal_cortex.o
 .ARM.attributes
                0x000002b1       0x39 Drivers/STM32L4xx_HAL_Driver/stm32l4xx_hal_gpio.o
 .ARM.attributes
                0x000002ea       0x39 Drivers/STM32L4xx_HAL_Driver/stm32l4xx_hal_lptim.o
 .ARM.attributes
                0x00000323       0x39 Drivers/STM32L4xx_HAL_Driver/stm32l4xx_hal_pwr_ex.o
 .ARM.attributes
                0x0000035c       0x39 Drivers/STM32L4xx_HAL_Driver/stm32l4xx_hal_rcc.o
 .ARM.attributes
                0x00000395       0x39 Drivers/STM32L4xx_HAL_Driver/stm32l4xx_hal_rcc_ex.o
 .ARM.attributes
                0x000003ce       0x39 Middlewares/FreeRTOS/CMSIS-RTOS/cmsis_os.o
 .ARM.attributes
                0x00000407       0x39 Middlewares/FreeRTOS/Portable/heap_4.o
 .ARM.attributes
                0x00000440       0x39 Middlewares/FreeRTOS/Portable/port.o
 .ARM.attributes
                0x00000479       0x39 Middlewares/FreeRTOS/list.o
 .ARM.attributes
                0x000004b2       0x39 Middlewares/FreeRTOS/tasks.o
 .ARM.attributes
                0x000004eb       0x22 c:/ac6/systemworkbench/plugins/fr.ac6.mcu.externaltools.arm-none.win32_1.13.3.201707031232/tools/compiler/bin/../lib/gcc/arm-none-eabi/5.4.1/armv7e-m/fpu\libgcc.a(_arm_addsubdf3.o)
 .ARM.attributes
                0x0000050d       0x22 c:/ac6/systemworkbench/plugins/fr.ac6.mcu.externaltools.arm-none.win32_1.13.3.201707031232/tools/compiler/bin/../lib/gcc/arm-none-eabi/5.4.1/armv7e-m/fpu\libgcc.a(_arm_muldivdf3.o)
 .ARM.attributes
                0x0000052f       0x22 c:/ac6/systemworkbench/plugins/fr.ac6.mcu.externaltools.arm-none.win32_1.13.3.201707031232/tools/compiler/bin/../lib/gcc/arm-none-eabi/5.4.1/armv7e-m/fpu\libgcc.a(_arm_fixunsdfsi.o)
 .ARM.attributes
                0x00000551       0x22 c:/ac6/systemworkbench/plugins/fr.ac6.mcu.externaltools.arm-none.win32_1.13.3.201707031232/tools/compiler/bin/../lib/gcc/arm-none-eabi/5.4.1/armv7e-m/fpu\libgcc.a(_arm_truncdfsf2.o)
 .ARM.attributes
                0x00000573       0x34 c:/ac6/systemworkbench/plugins/fr.ac6.mcu.externaltools.arm-none.win32_1.13.3.201707031232/tools/compiler/bin/../lib/gcc/arm-none-eabi/5.4.1/../../../../arm-none-eabi/lib/armv7e-m/fpu\libc_nano.a(lib_a-init.o)
 .ARM.attributes
                0x000005a7       0x34 c:/ac6/systemworkbench/plugins/fr.ac6.mcu.externaltools.arm-none.win32_1.13.3.201707031232/tools/compiler/bin/../lib/gcc/arm-none-eabi/5.4.1/../../../../arm-none-eabi/lib/armv7e-m/fpu\libc_nano.a(lib_a-memset.o)
 .ARM.attributes
                0x000005db       0x22 c:/ac6/systemworkbench/plugins/fr.ac6.mcu.externaltools.arm-none.win32_1.13.3.201707031232/tools/compiler/bin/../lib/gcc/arm-none-eabi/5.4.1/armv7e-m/fpu/crtn.o
OUTPUT(B-L475E_IOT01.elf elf32-littlearm)

.debug_line     0x00000000     0xd74d
 .debug_line    0x00000000       0xbc Applications/SW4STM32/startup_stm32l475xx.o
 .debug_line    0x000000bc      0xa1c Applications/User/low_power_tick_management_LPTIM.o
 .debug_line    0x00000ad8      0xbfb Applications/User/main.o
 .debug_line    0x000016d3      0x921 Applications/User/stm32l4xx_hal_msp.o
 .debug_line    0x00001ff4     0x1824 Applications/User/stm32l4xx_hal_tim.o
 .debug_line    0x00003818      0x969 Applications/User/stm32l4xx_it.o
 .debug_line    0x00004181      0xa95 Applications/User/stm32l4xx_timebase_lptim.o
 .debug_line    0x00004c16      0xb0e Drivers/BSP/B-L475E-IOT01/stm32l475e_iot01.o
 .debug_line    0x00005724      0x877 Drivers/CMSIS/system_stm32l4xx.o
 .debug_line    0x00005f9b      0xa56 Drivers/STM32L4xx_HAL_Driver/stm32l4xx_hal.o
 .debug_line    0x000069f1      0xa18 Drivers/STM32L4xx_HAL_Driver/stm32l4xx_hal_cortex.o
 .debug_line    0x00007409      0x9d5 Drivers/STM32L4xx_HAL_Driver/stm32l4xx_hal_gpio.o
 .debug_line    0x00007dde      0xb4f Drivers/STM32L4xx_HAL_Driver/stm32l4xx_hal_lptim.o
 .debug_line    0x0000892d      0xb88 Drivers/STM32L4xx_HAL_Driver/stm32l4xx_hal_pwr_ex.o
 .debug_line    0x000094b5      0xb16 Drivers/STM32L4xx_HAL_Driver/stm32l4xx_hal_rcc.o
 .debug_line    0x00009fcb      0xc7c Drivers/STM32L4xx_HAL_Driver/stm32l4xx_hal_rcc_ex.o
 .debug_line    0x0000ac47      0xb54 Middlewares/FreeRTOS/CMSIS-RTOS/cmsis_os.o
 .debug_line    0x0000b79b      0x621 Middlewares/FreeRTOS/Portable/heap_4.o
 .debug_line    0x0000bdbc      0x5a2 Middlewares/FreeRTOS/Portable/port.o
 .debug_line    0x0000c35e      0x567 Middlewares/FreeRTOS/list.o
 .debug_line    0x0000c8c5      0xe88 Middlewares/FreeRTOS/tasks.o

.debug_info     0x00000000    0x11e64
 .debug_info    0x00000000       0xde Applications/SW4STM32/startup_stm32l475xx.o
 .debug_info    0x000000de       0xdc Applications/User/low_power_tick_management_LPTIM.o
 .debug_info    0x000001ba     0x12f9 Applications/User/main.o
 .debug_info    0x000014b3      0x57d Applications/User/stm32l4xx_hal_msp.o
 .debug_info    0x00001a30     0x2efc Applications/User/stm32l4xx_hal_tim.o
 .debug_info    0x0000492c      0x107 Applications/User/stm32l4xx_it.o
 .debug_info    0x00004a33      0xab4 Applications/User/stm32l4xx_timebase_lptim.o
 .debug_info    0x000054e7     0x2141 Drivers/BSP/B-L475E-IOT01/stm32l475e_iot01.o
 .debug_info    0x00007628      0x5b2 Drivers/CMSIS/system_stm32l4xx.o
 .debug_info    0x00007bda      0xa7f Drivers/STM32L4xx_HAL_Driver/stm32l4xx_hal.o
 .debug_info    0x00008659      0xe83 Drivers/STM32L4xx_HAL_Driver/stm32l4xx_hal_cortex.o
 .debug_info    0x000094dc      0x7ef Drivers/STM32L4xx_HAL_Driver/stm32l4xx_hal_gpio.o
 .debug_info    0x00009ccb      0x9e8 Drivers/STM32L4xx_HAL_Driver/stm32l4xx_hal_lptim.o
 .debug_info    0x0000a6b3      0xa07 Drivers/STM32L4xx_HAL_Driver/stm32l4xx_hal_pwr_ex.o
 .debug_info    0x0000b0ba      0xd76 Drivers/STM32L4xx_HAL_Driver/stm32l4xx_hal_rcc.o
 .debug_info    0x0000be30      0xf86 Drivers/STM32L4xx_HAL_Driver/stm32l4xx_hal_rcc_ex.o
 .debug_info    0x0000cdb6     0x1ce2 Middlewares/FreeRTOS/CMSIS-RTOS/cmsis_os.o
 .debug_info    0x0000ea98      0x486 Middlewares/FreeRTOS/Portable/heap_4.o
 .debug_info    0x0000ef1e      0x530 Middlewares/FreeRTOS/Portable/port.o
 .debug_info    0x0000f44e      0x2a1 Middlewares/FreeRTOS/list.o
 .debug_info    0x0000f6ef     0x2775 Middlewares/FreeRTOS/tasks.o

.debug_abbrev   0x00000000     0x2bbe
 .debug_abbrev  0x00000000       0x12 Applications/SW4STM32/startup_stm32l475xx.o
 .debug_abbrev  0x00000012       0x97 Applications/User/low_power_tick_management_LPTIM.o
 .debug_abbrev  0x000000a9      0x334 Applications/User/main.o
 .debug_abbrev  0x000003dd      0x117 Applications/User/stm32l4xx_hal_msp.o
 .debug_abbrev  0x000004f4      0x313 Applications/User/stm32l4xx_hal_tim.o
 .debug_abbrev  0x00000807       0x8e Applications/User/stm32l4xx_it.o
 .debug_abbrev  0x00000895      0x220 Applications/User/stm32l4xx_timebase_lptim.o
 .debug_abbrev  0x00000ab5      0x395 Drivers/BSP/B-L475E-IOT01/stm32l475e_iot01.o
 .debug_abbrev  0x00000e4a      0x125 Drivers/CMSIS/system_stm32l4xx.o
 .debug_abbrev  0x00000f6f      0x20a Drivers/STM32L4xx_HAL_Driver/stm32l4xx_hal.o
 .debug_abbrev  0x00001179      0x316 Drivers/STM32L4xx_HAL_Driver/stm32l4xx_hal_cortex.o
 .debug_abbrev  0x0000148f      0x1cb Drivers/STM32L4xx_HAL_Driver/stm32l4xx_hal_gpio.o
 .debug_abbrev  0x0000165a      0x1e4 Drivers/STM32L4xx_HAL_Driver/stm32l4xx_hal_lptim.o
 .debug_abbrev  0x0000183e      0x25f Drivers/STM32L4xx_HAL_Driver/stm32l4xx_hal_pwr_ex.o
 .debug_abbrev  0x00001a9d      0x26b Drivers/STM32L4xx_HAL_Driver/stm32l4xx_hal_rcc.o
 .debug_abbrev  0x00001d08      0x267 Drivers/STM32L4xx_HAL_Driver/stm32l4xx_hal_rcc_ex.o
 .debug_abbrev  0x00001f6f      0x374 Middlewares/FreeRTOS/CMSIS-RTOS/cmsis_os.o
 .debug_abbrev  0x000022e3      0x231 Middlewares/FreeRTOS/Portable/heap_4.o
 .debug_abbrev  0x00002514      0x21a Middlewares/FreeRTOS/Portable/port.o
 .debug_abbrev  0x0000272e       0xdd Middlewares/FreeRTOS/list.o
 .debug_abbrev  0x0000280b      0x3b3 Middlewares/FreeRTOS/tasks.o

.debug_aranges  0x00000000      0xe60
 .debug_aranges
                0x00000000       0x28 Applications/SW4STM32/startup_stm32l475xx.o
 .debug_aranges
                0x00000028       0x20 Applications/User/low_power_tick_management_LPTIM.o
 .debug_aranges
                0x00000048       0x58 Applications/User/main.o
 .debug_aranges
                0x000000a0       0x20 Applications/User/stm32l4xx_hal_msp.o
 .debug_aranges
                0x000000c0      0x268 Applications/User/stm32l4xx_hal_tim.o
 .debug_aranges
                0x00000328       0x40 Applications/User/stm32l4xx_it.o
 .debug_aranges
                0x00000368       0x40 Applications/User/stm32l4xx_timebase_lptim.o
 .debug_aranges
                0x000003a8       0xe8 Drivers/BSP/B-L475E-IOT01/stm32l475e_iot01.o
 .debug_aranges
                0x00000490       0x28 Drivers/CMSIS/system_stm32l4xx.o
 .debug_aranges
                0x000004b8      0x110 Drivers/STM32L4xx_HAL_Driver/stm32l4xx_hal.o
 .debug_aranges
                0x000005c8       0x98 Drivers/STM32L4xx_HAL_Driver/stm32l4xx_hal_cortex.o
 .debug_aranges
                0x00000660       0x58 Drivers/STM32L4xx_HAL_Driver/stm32l4xx_hal_gpio.o
 .debug_aranges
                0x000006b8       0xf0 Drivers/STM32L4xx_HAL_Driver/stm32l4xx_hal_lptim.o
 .debug_aranges
                0x000007a8      0x130 Drivers/STM32L4xx_HAL_Driver/stm32l4xx_hal_pwr_ex.o
 .debug_aranges
                0x000008d8       0x88 Drivers/STM32L4xx_HAL_Driver/stm32l4xx_hal_rcc.o
 .debug_aranges
                0x00000960       0xb8 Drivers/STM32L4xx_HAL_Driver/stm32l4xx_hal_rcc_ex.o
 .debug_aranges
                0x00000a18      0x1a0 Middlewares/FreeRTOS/CMSIS-RTOS/cmsis_os.o
 .debug_aranges
                0x00000bb8       0x48 Middlewares/FreeRTOS/Portable/heap_4.o
 .debug_aranges
                0x00000c00       0x80 Middlewares/FreeRTOS/Portable/port.o
 .debug_aranges
                0x00000c80       0x40 Middlewares/FreeRTOS/list.o
 .debug_aranges
                0x00000cc0      0x1a0 Middlewares/FreeRTOS/tasks.o

.debug_ranges   0x00000000     0x1110
 .debug_ranges  0x00000000       0x20 Applications/SW4STM32/startup_stm32l475xx.o
 .debug_ranges  0x00000020       0x10 Applications/User/low_power_tick_management_LPTIM.o
 .debug_ranges  0x00000030       0xd0 Applications/User/main.o
 .debug_ranges  0x00000100       0x28 Applications/User/stm32l4xx_hal_msp.o
 .debug_ranges  0x00000128      0x318 Applications/User/stm32l4xx_hal_tim.o
 .debug_ranges  0x00000440       0x30 Applications/User/stm32l4xx_it.o
 .debug_ranges  0x00000470       0x30 Applications/User/stm32l4xx_timebase_lptim.o
 .debug_ranges  0x000004a0      0x190 Drivers/BSP/B-L475E-IOT01/stm32l475e_iot01.o
 .debug_ranges  0x00000630       0x18 Drivers/CMSIS/system_stm32l4xx.o
 .debug_ranges  0x00000648      0x100 Drivers/STM32L4xx_HAL_Driver/stm32l4xx_hal.o
 .debug_ranges  0x00000748      0x148 Drivers/STM32L4xx_HAL_Driver/stm32l4xx_hal_cortex.o
 .debug_ranges  0x00000890       0x68 Drivers/STM32L4xx_HAL_Driver/stm32l4xx_hal_gpio.o
 .debug_ranges  0x000008f8       0xe0 Drivers/STM32L4xx_HAL_Driver/stm32l4xx_hal_lptim.o
 .debug_ranges  0x000009d8      0x120 Drivers/STM32L4xx_HAL_Driver/stm32l4xx_hal_pwr_ex.o
 .debug_ranges  0x00000af8       0x90 Drivers/STM32L4xx_HAL_Driver/stm32l4xx_hal_rcc.o
 .debug_ranges  0x00000b88       0xd8 Drivers/STM32L4xx_HAL_Driver/stm32l4xx_hal_rcc_ex.o
 .debug_ranges  0x00000c60      0x190 Middlewares/FreeRTOS/CMSIS-RTOS/cmsis_os.o
 .debug_ranges  0x00000df0       0x38 Middlewares/FreeRTOS/Portable/heap_4.o
 .debug_ranges  0x00000e28       0x70 Middlewares/FreeRTOS/Portable/port.o
 .debug_ranges  0x00000e98       0x30 Middlewares/FreeRTOS/list.o
 .debug_ranges  0x00000ec8      0x248 Middlewares/FreeRTOS/tasks.o

.debug_macro    0x00000000    0x2a3e9
 .debug_macro   0x00000000      0x3f7 Applications/User/low_power_tick_management_LPTIM.o
 .debug_macro   0x000003f7      0x898 Applications/User/low_power_tick_management_LPTIM.o
 .debug_macro   0x00000c8f      0x174 Applications/User/low_power_tick_management_LPTIM.o
 .debug_macro   0x00000e03       0x22 Applications/User/low_power_tick_management_LPTIM.o
 .debug_macro   0x00000e25       0x87 Applications/User/low_power_tick_management_LPTIM.o
 .debug_macro   0x00000eac       0x44 Applications/User/low_power_tick_management_LPTIM.o
 .debug_macro   0x00000ef0       0xfd Applications/User/low_power_tick_management_LPTIM.o
 .debug_macro   0x00000fed       0x5e Applications/User/low_power_tick_management_LPTIM.o
 .debug_macro   0x0000104b      0x1df Applications/User/low_power_tick_management_LPTIM.o
 .debug_macro   0x0000122a      0x12f Applications/User/low_power_tick_management_LPTIM.o
 .debug_macro   0x00001359      0x168 Applications/User/low_power_tick_management_LPTIM.o
 .debug_macro   0x000014c1       0xeb Applications/User/low_power_tick_management_LPTIM.o
 .debug_macro   0x000015ac       0x10 Applications/User/low_power_tick_management_LPTIM.o
 .debug_macro   0x000015bc       0x1f Applications/User/low_power_tick_management_LPTIM.o
 .debug_macro   0x000015db      0x3d7 Applications/User/low_power_tick_management_LPTIM.o
 .debug_macro   0x000019b2       0xc0 Applications/User/low_power_tick_management_LPTIM.o
 .debug_macro   0x00001a72       0x8c Applications/User/low_power_tick_management_LPTIM.o
 .debug_macro   0x00001afe       0x91 Applications/User/low_power_tick_management_LPTIM.o
 .debug_macro   0x00001b8f       0x94 Applications/User/low_power_tick_management_LPTIM.o
 .debug_macro   0x00001c23       0x78 Applications/User/low_power_tick_management_LPTIM.o
 .debug_macro   0x00001c9b       0xcf Applications/User/low_power_tick_management_LPTIM.o
 .debug_macro   0x00001d6a       0xcb Applications/User/low_power_tick_management_LPTIM.o
 .debug_macro   0x00001e35       0x2e Applications/User/low_power_tick_management_LPTIM.o
 .debug_macro   0x00001e63       0x28 Applications/User/low_power_tick_management_LPTIM.o
 .debug_macro   0x00001e8b       0x3b Applications/User/low_power_tick_management_LPTIM.o
 .debug_macro   0x00001ec6       0x50 Applications/User/low_power_tick_management_LPTIM.o
 .debug_macro   0x00001f16      0xe66 Applications/User/low_power_tick_management_LPTIM.o
 .debug_macro   0x00002d7c    0x19e0c Applications/User/low_power_tick_management_LPTIM.o
 .debug_macro   0x0001cb88       0x43 Applications/User/low_power_tick_management_LPTIM.o
 .debug_macro   0x0001cbcb     0x36a1 Applications/User/low_power_tick_management_LPTIM.o
 .debug_macro   0x0002026c       0x52 Applications/User/low_power_tick_management_LPTIM.o
 .debug_macro   0x000202be       0x35 Applications/User/low_power_tick_management_LPTIM.o
 .debug_macro   0x000202f3       0x9c Applications/User/low_power_tick_management_LPTIM.o
 .debug_macro   0x0002038f       0x16 Applications/User/low_power_tick_management_LPTIM.o
 .debug_macro   0x000203a5       0x35 Applications/User/low_power_tick_management_LPTIM.o
 .debug_macro   0x000203da      0x30d Applications/User/low_power_tick_management_LPTIM.o
 .debug_macro   0x000206e7       0x10 Applications/User/low_power_tick_management_LPTIM.o
 .debug_macro   0x000206f7       0x52 Applications/User/low_power_tick_management_LPTIM.o
 .debug_macro   0x00020749       0x1f Applications/User/low_power_tick_management_LPTIM.o
 .debug_macro   0x00020768       0x43 Applications/User/low_power_tick_management_LPTIM.o
 .debug_macro   0x000207ab       0x20 Applications/User/low_power_tick_management_LPTIM.o
 .debug_macro   0x000207cb      0x187 Applications/User/low_power_tick_management_LPTIM.o
 .debug_macro   0x00020952       0x10 Applications/User/low_power_tick_management_LPTIM.o
 .debug_macro   0x00020962       0x1c Applications/User/low_power_tick_management_LPTIM.o
 .debug_macro   0x0002097e       0x52 Applications/User/low_power_tick_management_LPTIM.o
 .debug_macro   0x000209d0       0x40 Applications/User/low_power_tick_management_LPTIM.o
 .debug_macro   0x00020a10       0x10 Applications/User/low_power_tick_management_LPTIM.o
 .debug_macro   0x00020a20       0x40 Applications/User/low_power_tick_management_LPTIM.o
 .debug_macro   0x00020a60       0xd7 Applications/User/low_power_tick_management_LPTIM.o
 .debug_macro   0x00020b37       0x16 Applications/User/low_power_tick_management_LPTIM.o
 .debug_macro   0x00020b4d      0x18b Applications/User/low_power_tick_management_LPTIM.o
 .debug_macro   0x00020cd8       0x57 Applications/User/low_power_tick_management_LPTIM.o
 .debug_macro   0x00020d2f     0x1520 Applications/User/low_power_tick_management_LPTIM.o
 .debug_macro   0x0002224f      0x59e Applications/User/low_power_tick_management_LPTIM.o
 .debug_macro   0x000227ed      0x148 Applications/User/low_power_tick_management_LPTIM.o
 .debug_macro   0x00022935      0x17d Applications/User/low_power_tick_management_LPTIM.o
 .debug_macro   0x00022ab2      0x25d Applications/User/low_power_tick_management_LPTIM.o
 .debug_macro   0x00022d0f      0x23a Applications/User/low_power_tick_management_LPTIM.o
 .debug_macro   0x00022f49      0x401 Applications/User/low_power_tick_management_LPTIM.o
 .debug_macro   0x0002334a      0x5c8 Applications/User/low_power_tick_management_LPTIM.o
 .debug_macro   0x00023912      0x367 Applications/User/low_power_tick_management_LPTIM.o
 .debug_macro   0x00023c79       0x10 Applications/User/low_power_tick_management_LPTIM.o
 .debug_macro   0x00023c89       0xe4 Applications/User/low_power_tick_management_LPTIM.o
 .debug_macro   0x00023d6d      0x202 Applications/User/low_power_tick_management_LPTIM.o
 .debug_macro   0x00023f6f       0x61 Applications/User/low_power_tick_management_LPTIM.o
 .debug_macro   0x00023fd0       0x90 Applications/User/low_power_tick_management_LPTIM.o
 .debug_macro   0x00024060      0x272 Applications/User/low_power_tick_management_LPTIM.o
 .debug_macro   0x000242d2      0x126 Applications/User/low_power_tick_management_LPTIM.o
 .debug_macro   0x000243f8      0x3dc Applications/User/low_power_tick_management_LPTIM.o
 .debug_macro   0x000247d4      0x2e9 Applications/User/low_power_tick_management_LPTIM.o
 .debug_macro   0x00024abd      0x9cd Applications/User/low_power_tick_management_LPTIM.o
 .debug_macro   0x0002548a      0x1e0 Applications/User/low_power_tick_management_LPTIM.o
 .debug_macro   0x0002566a      0x535 Applications/User/low_power_tick_management_LPTIM.o
 .debug_macro   0x00025b9f       0x44 Applications/User/low_power_tick_management_LPTIM.o
 .debug_macro   0x00025be3      0x320 Applications/User/low_power_tick_management_LPTIM.o
 .debug_macro   0x00025f03      0x457 Applications/User/main.o
 .debug_macro   0x0002635a       0x35 Applications/User/main.o
 .debug_macro   0x0002638f       0x97 Applications/User/main.o
 .debug_macro   0x00026426       0xfd Applications/User/main.o
 .debug_macro   0x00026523      0x1cf Applications/User/main.o
 .debug_macro   0x000266f2       0x16 Applications/User/main.o
 .debug_macro   0x00026708       0x70 Applications/User/main.o
 .debug_macro   0x00026778       0x10 Applications/User/main.o
 .debug_macro   0x00026788       0x22 Applications/User/main.o
 .debug_macro   0x000267aa       0x34 Applications/User/main.o
 .debug_macro   0x000267de      0x12f Applications/User/main.o
 .debug_macro   0x0002690d      0x39b Applications/User/stm32l4xx_hal_msp.o
 .debug_macro   0x00026ca8      0x338 Applications/User/stm32l4xx_hal_tim.o
 .debug_macro   0x00026fe0      0x3a9 Applications/User/stm32l4xx_it.o
 .debug_macro   0x00027389      0x403 Applications/User/stm32l4xx_timebase_lptim.o
 .debug_macro   0x0002778c      0x364 Drivers/BSP/B-L475E-IOT01/stm32l475e_iot01.o
 .debug_macro   0x00027af0      0x1c9 Drivers/BSP/B-L475E-IOT01/stm32l475e_iot01.o
 .debug_macro   0x00027cb9      0x33e Drivers/CMSIS/system_stm32l4xx.o
 .debug_macro   0x00027ff7      0x385 Drivers/STM32L4xx_HAL_Driver/stm32l4xx_hal.o
 .debug_macro   0x0002837c      0x337 Drivers/STM32L4xx_HAL_Driver/stm32l4xx_hal_cortex.o
 .debug_macro   0x000286b3      0x376 Drivers/STM32L4xx_HAL_Driver/stm32l4xx_hal_gpio.o
 .debug_macro   0x00028a29      0x337 Drivers/STM32L4xx_HAL_Driver/stm32l4xx_hal_lptim.o
 .debug_macro   0x00028d60      0x35b Drivers/STM32L4xx_HAL_Driver/stm32l4xx_hal_pwr_ex.o
 .debug_macro   0x000290bb      0x379 Drivers/STM32L4xx_HAL_Driver/stm32l4xx_hal_rcc.o
 .debug_macro   0x00029434      0x36d Drivers/STM32L4xx_HAL_Driver/stm32l4xx_hal_rcc_ex.o
 .debug_macro   0x000297a1      0x1e6 Middlewares/FreeRTOS/CMSIS-RTOS/cmsis_os.o
 .debug_macro   0x00029987       0x4c Middlewares/FreeRTOS/CMSIS-RTOS/cmsis_os.o
 .debug_macro   0x000299d3       0x8d Middlewares/FreeRTOS/CMSIS-RTOS/cmsis_os.o
 .debug_macro   0x00029a60       0x4a Middlewares/FreeRTOS/CMSIS-RTOS/cmsis_os.o
 .debug_macro   0x00029aaa       0x26 Middlewares/FreeRTOS/CMSIS-RTOS/cmsis_os.o
 .debug_macro   0x00029ad0      0x1a3 Middlewares/FreeRTOS/Portable/heap_4.o
 .debug_macro   0x00029c73       0x16 Middlewares/FreeRTOS/Portable/heap_4.o
 .debug_macro   0x00029c89      0x10e Middlewares/FreeRTOS/Portable/heap_4.o
 .debug_macro   0x00029d97       0x8d Middlewares/FreeRTOS/Portable/heap_4.o
 .debug_macro   0x00029e24       0x16 Middlewares/FreeRTOS/Portable/heap_4.o
 .debug_macro   0x00029e3a       0x29 Middlewares/FreeRTOS/Portable/heap_4.o
 .debug_macro   0x00029e63      0x19e Middlewares/FreeRTOS/Portable/port.o
 .debug_macro   0x0002a001      0x17c Middlewares/FreeRTOS/list.o
 .debug_macro   0x0002a17d      0x25b Middlewares/FreeRTOS/tasks.o
 .debug_macro   0x0002a3d8       0x11 Middlewares/FreeRTOS/tasks.o

.debug_str      0x00000000    0xff3cb
 .debug_str     0x00000000    0xf74c9 Applications/User/low_power_tick_management_LPTIM.o
                              0xf7789 (size before relaxing)
 .debug_str     0x000f74c9     0x1bf6 Applications/User/main.o
                              0xf93cf (size before relaxing)
 .debug_str     0x000f90bf      0x1f9 Applications/User/stm32l4xx_hal_msp.o
                              0xf39be (size before relaxing)
 .debug_str     0x000f92b8      0xa41 Applications/User/stm32l4xx_hal_tim.o
                              0xf33ce (size before relaxing)
 .debug_str     0x000f9cf9       0xbc Applications/User/stm32l4xx_it.o
                              0xf3670 (size before relaxing)
 .debug_str     0x000f9db5      0x813 Applications/User/stm32l4xx_timebase_lptim.o
                              0xf835c (size before relaxing)
 .debug_str     0x000fa5c8      0xaf6 Drivers/BSP/B-L475E-IOT01/stm32l475e_iot01.o
                              0xf460b (size before relaxing)
 .debug_str     0x000fb0be      0x120 Drivers/CMSIS/system_stm32l4xx.o
                              0xf26d1 (size before relaxing)
 .debug_str     0x000fb1de      0x593 Drivers/STM32L4xx_HAL_Driver/stm32l4xx_hal.o
                              0xf3191 (size before relaxing)
 .debug_str     0x000fb771      0x2f4 Drivers/STM32L4xx_HAL_Driver/stm32l4xx_hal_cortex.o
                              0xf2e75 (size before relaxing)
 .debug_str     0x000fba65      0x23c Drivers/STM32L4xx_HAL_Driver/stm32l4xx_hal_gpio.o
                              0xf2936 (size before relaxing)
 .debug_str     0x000fbca1      0x2b2 Drivers/STM32L4xx_HAL_Driver/stm32l4xx_hal_lptim.o
                              0xf2970 (size before relaxing)
 .debug_str     0x000fbf53      0x473 Drivers/STM32L4xx_HAL_Driver/stm32l4xx_hal_pwr_ex.o
                              0xf2b4e (size before relaxing)
 .debug_str     0x000fc3c6      0x3b4 Drivers/STM32L4xx_HAL_Driver/stm32l4xx_hal_rcc.o
                              0xf2cd9 (size before relaxing)
 .debug_str     0x000fc77a      0x3cd Drivers/STM32L4xx_HAL_Driver/stm32l4xx_hal_rcc_ex.o
                              0xf2e3c (size before relaxing)
 .debug_str     0x000fcb47      0x9f7 Middlewares/FreeRTOS/CMSIS-RTOS/cmsis_os.o
                               0xbd66 (size before relaxing)
 .debug_str     0x000fd53e      0x39d Middlewares/FreeRTOS/Portable/heap_4.o
                               0x97a6 (size before relaxing)
 .debug_str     0x000fd8db      0x809 Middlewares/FreeRTOS/Portable/port.o
                               0x7621 (size before relaxing)
 .debug_str     0x000fe0e4      0x14f Middlewares/FreeRTOS/list.o
                               0x9066 (size before relaxing)
 .debug_str     0x000fe233     0x1198 Middlewares/FreeRTOS/tasks.o
                               0xb305 (size before relaxing)

.comment        0x00000000       0x6e
 .comment       0x00000000       0x6e Applications/User/low_power_tick_management_LPTIM.o
                                 0x6f (size before relaxing)
 .comment       0x0000006e       0x6f Applications/User/main.o
 .comment       0x0000006e       0x6f Applications/User/stm32l4xx_hal_msp.o
 .comment       0x0000006e       0x6f Applications/User/stm32l4xx_hal_tim.o
 .comment       0x0000006e       0x6f Applications/User/stm32l4xx_it.o
 .comment       0x0000006e       0x6f Applications/User/stm32l4xx_timebase_lptim.o
 .comment       0x0000006e       0x6f Drivers/BSP/B-L475E-IOT01/stm32l475e_iot01.o
 .comment       0x0000006e       0x6f Drivers/CMSIS/system_stm32l4xx.o
 .comment       0x0000006e       0x6f Drivers/STM32L4xx_HAL_Driver/stm32l4xx_hal.o
 .comment       0x0000006e       0x6f Drivers/STM32L4xx_HAL_Driver/stm32l4xx_hal_cortex.o
 .comment       0x0000006e       0x6f Drivers/STM32L4xx_HAL_Driver/stm32l4xx_hal_gpio.o
 .comment       0x0000006e       0x6f Drivers/STM32L4xx_HAL_Driver/stm32l4xx_hal_lptim.o
 .comment       0x0000006e       0x6f Drivers/STM32L4xx_HAL_Driver/stm32l4xx_hal_pwr_ex.o
 .comment       0x0000006e       0x6f Drivers/STM32L4xx_HAL_Driver/stm32l4xx_hal_rcc.o
 .comment       0x0000006e       0x6f Drivers/STM32L4xx_HAL_Driver/stm32l4xx_hal_rcc_ex.o
 .comment       0x0000006e       0x6f Middlewares/FreeRTOS/CMSIS-RTOS/cmsis_os.o
 .comment       0x0000006e       0x6f Middlewares/FreeRTOS/Portable/heap_4.o
 .comment       0x0000006e       0x6f Middlewares/FreeRTOS/Portable/port.o
 .comment       0x0000006e       0x6f Middlewares/FreeRTOS/list.o
 .comment       0x0000006e       0x6f Middlewares/FreeRTOS/tasks.o

.debug_frame    0x00000000     0x27a0
 .debug_frame   0x00000000       0x20 Applications/User/low_power_tick_management_LPTIM.o
 .debug_frame   0x00000020      0x100 Applications/User/main.o
 .debug_frame   0x00000120       0x28 Applications/User/stm32l4xx_hal_msp.o
 .debug_frame   0x00000148      0x8a8 Applications/User/stm32l4xx_hal_tim.o
 .debug_frame   0x000009f0       0x80 Applications/User/stm32l4xx_it.o
 .debug_frame   0x00000a70       0x8c Applications/User/stm32l4xx_timebase_lptim.o
 .debug_frame   0x00000afc      0x2c8 Drivers/BSP/B-L475E-IOT01/stm32l475e_iot01.o
 .debug_frame   0x00000dc4       0x3c Drivers/CMSIS/system_stm32l4xx.o
 .debug_frame   0x00000e00      0x240 Drivers/STM32L4xx_HAL_Driver/stm32l4xx_hal.o
 .debug_frame   0x00001040      0x130 Drivers/STM32L4xx_HAL_Driver/stm32l4xx_hal_cortex.o
 .debug_frame   0x00001170       0xd8 Drivers/STM32L4xx_HAL_Driver/stm32l4xx_hal_gpio.o
 .debug_frame   0x00001248      0x308 Drivers/STM32L4xx_HAL_Driver/stm32l4xx_hal_lptim.o
 .debug_frame   0x00001550      0x278 Drivers/STM32L4xx_HAL_Driver/stm32l4xx_hal_pwr_ex.o
 .debug_frame   0x000017c8      0x144 Drivers/STM32L4xx_HAL_Driver/stm32l4xx_hal_rcc.o
 .debug_frame   0x0000190c      0x20c Drivers/STM32L4xx_HAL_Driver/stm32l4xx_hal_rcc_ex.o
 .debug_frame   0x00001b18      0x4c4 Middlewares/FreeRTOS/CMSIS-RTOS/cmsis_os.o
 .debug_frame   0x00001fdc       0xa4 Middlewares/FreeRTOS/Portable/heap_4.o
 .debug_frame   0x00002080       0xf0 Middlewares/FreeRTOS/Portable/port.o
 .debug_frame   0x00002170       0x6c Middlewares/FreeRTOS/list.o
 .debug_frame   0x000021dc      0x578 Middlewares/FreeRTOS/tasks.o
 .debug_frame   0x00002754       0x2c c:/ac6/systemworkbench/plugins/fr.ac6.mcu.externaltools.arm-none.win32_1.13.3.201707031232/tools/compiler/bin/../lib/gcc/arm-none-eabi/5.4.1/../../../../arm-none-eabi/lib/armv7e-m/fpu\libc_nano.a(lib_a-init.o)
 .debug_frame   0x00002780       0x20 c:/ac6/systemworkbench/plugins/fr.ac6.mcu.externaltools.arm-none.win32_1.13.3.201707031232/tools/compiler/bin/../lib/gcc/arm-none-eabi/5.4.1/../../../../arm-none-eabi/lib/armv7e-m/fpu\libc_nano.a(lib_a-memset.o)

.debug_loc      0x00000000     0x922f
 .debug_loc     0x00000000      0x106 Applications/User/main.o
 .debug_loc     0x00000106     0x3155 Applications/User/stm32l4xx_hal_tim.o
 .debug_loc     0x0000325b       0x8c Applications/User/stm32l4xx_timebase_lptim.o
 .debug_loc     0x000032e7      0x9e5 Drivers/BSP/B-L475E-IOT01/stm32l475e_iot01.o
 .debug_loc     0x00003ccc      0x177 Drivers/CMSIS/system_stm32l4xx.o
 .debug_loc     0x00003e43       0xf8 Drivers/STM32L4xx_HAL_Driver/stm32l4xx_hal.o
 .debug_loc     0x00003f3b      0x4ab Drivers/STM32L4xx_HAL_Driver/stm32l4xx_hal_cortex.o
 .debug_loc     0x000043e6      0x2a2 Drivers/STM32L4xx_HAL_Driver/stm32l4xx_hal_gpio.o
 .debug_loc     0x00004688      0x625 Drivers/STM32L4xx_HAL_Driver/stm32l4xx_hal_lptim.o
 .debug_loc     0x00004cad      0x5d4 Drivers/STM32L4xx_HAL_Driver/stm32l4xx_hal_pwr_ex.o
 .debug_loc     0x00005281      0x4e5 Drivers/STM32L4xx_HAL_Driver/stm32l4xx_hal_rcc.o
 .debug_loc     0x00005766      0xcde Drivers/STM32L4xx_HAL_Driver/stm32l4xx_hal_rcc_ex.o
 .debug_loc     0x00006444     0x1072 Middlewares/FreeRTOS/CMSIS-RTOS/cmsis_os.o
 .debug_loc     0x000074b6      0x389 Middlewares/FreeRTOS/Portable/heap_4.o
 .debug_loc     0x0000783f       0xcf Middlewares/FreeRTOS/Portable/port.o
 .debug_loc     0x0000790e       0x94 Middlewares/FreeRTOS/list.o
 .debug_loc     0x000079a2     0x188d Middlewares/FreeRTOS/tasks.o
